// Jest Snapshot v1, https://goo.gl/fbAQLP

exports[`<ExpenseListItem /> should match the snapshot 1`] = `"<div class=\\"MuiButtonBase-root MuiListItem-root ExpenseListItem MuiListItem-gutters MuiListItem-button\\" tabindex=\\"0\\" role=\\"button\\" aria-disabled=\\"false\\"><div class=\\"MuiListItemText-root ExpenseListItem-ListItemText MuiListItemText-multiline\\"><span class=\\"MuiTypography-root MuiListItemText-primary MuiTypography-body1 MuiTypography-displayBlock\\">Cafe</span><p class=\\"MuiTypography-root MuiListItemText-secondary MuiTypography-body2 MuiTypography-colorTextSecondary MuiTypography-displayBlock\\">スタバ</p></div><h6 class=\\"MuiTypography-root ExpenseListItem-amount MuiTypography-subtitle1\\">¥300</h6></div><hr class=\\"MuiDivider-root\\"/>"`;
