// Jest Snapshot v1, https://goo.gl/fbAQLP

exports[`<CompleteButton /> should match the snapshot 1`] = `"<button class=\\"MuiButtonBase-root MuiFab-root CompleteButton MuiFab-secondary\\" tabindex=\\"0\\" type=\\"button\\"><span class=\\"MuiFab-label\\"><svg class=\\"MuiSvgIcon-root\\" focusable=\\"false\\" viewBox=\\"0 0 24 24\\" aria-hidden=\\"true\\"><path d=\\"M9 16.2L4.8 12l-1.4 1.4L9 19 21 7l-1.4-1.4L9 16.2z\\"></path></svg></span></button>"`;
